// Jest Snapshot v1, https://goo.gl/fbAQLP

exports[`Project tags list should return tags list 1`] = `
Array [
  Object {
    "name": "posts",
  },
  Object {
    "name": "users",
  },
]
`;
